CONFIGURE_ARGS=	exampledir=${EXAMPLESDIR} \
		mandir=${MANPREFIX}/man \
		prefix=${PREFIX}
