CXXFLAGS+=	$$(llvm-config${LLVM_VERSION} --cflags)
