USES=		3 3 3 5 6 8 9 9 67 87 3453 345345 a a b c d e f gsd h sdf z

