USE_QT=		core gui widgets buildtools_build qmake_build
