PORTNAME=	sndio
PORTVERSION=	1.5.0
PORTREVISION=	1
PORTEPOCH=	2
CATEGORIES=	audio
MASTER_SITES=	http://www.sndio.org/
