PORTNAME=	lepton-eda
PORTVERSION=	1.9.7
DISTVERSIONSUFFIX=	-20181211
PORTREVISION?=	3
CATEGORIES=	cad
