PORTNAME=	ghostwriter
DISTVERSIONPREFIX=	v
DISTVERSION=	1.7.4
PORTREVISION?=	2
CATEGORIES=	editors
