DISTVERSIONPREFIX=	v
DISTVERSION=	1
DISTVERSIONSUFFIX=	-gababab
