USES=		autoreconf libtool pkgconfig

USE_LDCONFIG=	yes

USE_GITHUB=	yes
GH_ACCOUNT=	foo
GH_TAGNAME=	ababab
