GNU_CONFIGURE=	yes

LDFLAGS_i386=	-Wl,-znotext

.include <bsd.port.pre.mk>

.if ${CHOSEN_COMPILER_TYPE} == gcc
CXXFLAGS+=	-fpermissive
.endif

.include <bsd.port.post.mk>
