USE_SDL=	sdl2
USE_CXXSTD=	c++98

LDFLAGS_i386=	-Wl,-znotext
