USE_GL=		gl glu

MAKE_ARGS=	CC="${CC}" CXX="${CXX}"
