PORTNAME=	tokei

USES=		gmake
CARGO_CRATES=
CARGO_USE_GITHUB=
USERS=		_sndio
