PORTNAME=	cloak

PLIST_FILES=	bin/cloak

.include <bsd.port.mk>
