sndio
1.5.0
yes
--prefix=${PREFIX}
--mandir=${PREFIX}/man
yes
