FOO_CMAKE_OFF=	-Da \
		-Db
FOO_CMAKE_ON=	-Dc \
		-Dd
