SDL_CONFIGURE_ON=	exampledir=${EXAMPLESDIR} \
			mandir=${MANPREFIX}/man \
			prefix=${PREFIX}
