SDL_CONFIGURE_OFF=	exampledir=${EXAMPLESDIR} \
			mandir=${MANPREFIX}/man \
			prefix=${PREFIX}
