COMMENT=	Small audio and MIDI framework from the OpenBSD project

LICENSE=	ISCL
