# plugins
LDFLAGS+=	-fstack-protector-strong -Wl,-E
# ICE, SM, Xext
LDFLAGS+=	-Wl,--as-needed
