NATIVE_PKCS11_DESC=	Use PKCS\#11 native API (**READ HELP**)
