PLIST_FILES=	bin/asdfasd \
		"@sample etc/foobar.sample"
