USES=		3 3453 345345 5 6 67 8 87 9 a b c d e f gsd h sdf z

