OPENMPI2_VARS=	CC=${LOCALBASE}/mpi/openmpi2/bin/mpicc \
		CXX=${LOCALBASE}/mpi/openmpi2/bin/mpicxx
