QT5_USE=	QT=core,gui,widgets,xml,buildtools_build,qmake_build
X11_USE=	XORG+=bitmaps,ice,x11
