# Maintainer block
+COMMENT
+COMMENT.gdbm

# Subpackages block
SUBPACKAGES

-COMMENT.gdbm
-COMMENT
