# Maintainer block
+COMMENT.foo
+COMMENT.gdbm

# Subpackages block
SUBPACKAGES

-COMMENT.gdbm
-COMMENT.foo
