PORTNAME=			ghostwriter
DISTVERSIONPREFIX=	v
DISTVERSION=			1.7.4
DISTVERSIONSUFFIX=	-foo
PORTREVISION=	1
CATEGORIES=	editors
