PORTNAME=	lastpass-cli
PORTVERSION=	1.3.1
DISTVERSIONPREFIX=	v
DISTVERSIONSUFFIX=	-beta
PORTREVISION=	1
CATEGORIES=	security
