PORTNAME=	lastpass-cli
PORTVERSION=	1.3.1
DISTVERSIONPREFIX=	v
PORTREVISION=	1
CATEGORIES=	security
