PORTNAME=	sndio
DISTVERSIONPREFIX=	v
DISTVERSION=	0.9.2-259
DISTVERSIONSUFFIX=	-gc07c115
PORTREVISION=	0
