DISTVERSION=	0.1.1-166
DISTVERSIONSUFFIX=	-g7a3765a
